<html>
<body>
<pre>
<h1>µVision Build Log</h1>
<h2>Project:</h2>
S:\coe718\project\COE718 Project Final\Blinky.uvproj
Project File Date:  11/28/2019

<h2>Output:</h2>
Rebuild target 'LPC1768 Flash'
assembling startup_LPC17xx.s...
compiling system_LPC17xx.c...
compiling GLCD_SPI_LPC1700.c...
compiling LED.c...
compiling IRQ.c...
compiling Blinky.c...
compiling KBD.c...
compiling photo_gallery.c...
compiling game.c...
compiling angel.c...
compiling girl.c...
compiling lena.c...
compiling usbuser.c...
compiling adcuser.c...
compiling core_cm3.c...
compiling usbcore.c...
compiling usbdesc.c...
compiling usbdmain.c...
compiling usbhw.c...
linking...
Program Size: Code=12808 RO-data=141852 RW-data=128 ZI-data=1248  
".\Flash\Blinky.axf" - 0 Error(s), 0 Warning(s).
Load "S:\\coe718\\project\\COE718 Project Final\\Flash\\Blinky.axf" 
Internal DLL Error
Error: Flash Download failed  -  Target DLL has been cancelled
Load "S:\\coe718\\project\\COE718 Project Final\\Flash\\Blinky.axf" 
Erase Done.
Programming Done.
Verify OK.
Application running ...
Load "S:\\coe718\\project\\COE718 Project Final\\Flash\\Blinky.axf" 
Erase Done.
Programming Done.
Verify OK.
Application running ...
