ARM Linker, 5.03 [Build 76] [MDK-ARM Professional]

==============================================================================

Section Cross References

    startup_lpc17xx.o(RESET) refers to startup_lpc17xx.o(STACK) for __initial_sp
    startup_lpc17xx.o(RESET) refers to startup_lpc17xx.o(.text) for Reset_Handler
    startup_lpc17xx.o(RESET) refers to irq.o(.text) for SysTick_Handler
    startup_lpc17xx.o(RESET) refers to usbdmain.o(.text) for TIMER0_IRQHandler
    startup_lpc17xx.o(RESET) refers to usbhw.o(.text) for USB_IRQHandler
    startup_lpc17xx.o(.text) refers to system_lpc17xx.o(.text) for SystemInit
    startup_lpc17xx.o(.text) refers to entry.o(.ARM.Collect$$$$00000000) for __main
    system_lpc17xx.o(.text) refers to uldiv.o(.text) for __aeabi_uldivmod
    system_lpc17xx.o(.text) refers to system_lpc17xx.o(.data) for SystemCoreClock
    glcd_spi_lpc1700.o(.text) refers to glcd_spi_lpc1700.o(.data) for Himax
    glcd_spi_lpc1700.o(.text) refers to glcd_spi_lpc1700.o(.constdata) for Font_6x8_h
    led.o(.text) refers to led.o(.constdata) for led_mask
    irq.o(.text) refers to irq.o(.data) for ticks
    blinky.o(.text) refers to kbd.o(.text) for KBD_Init
    blinky.o(.text) refers to led.o(.text) for LED_Init
    blinky.o(.text) refers to glcd_spi_lpc1700.o(.text) for GLCD_Init
    blinky.o(.text) refers to photo_gallery.o(.text) for image_view
    blinky.o(.text) refers to usbdmain.o(.text) for audio_main
    blinky.o(.text) refers to game.o(.text) for game
    blinky.o(.text) refers to system_lpc17xx.o(.data) for SystemCoreClock
    photo_gallery.o(.text) refers to glcd_spi_lpc1700.o(.text) for GLCD_Clear
    photo_gallery.o(.text) refers to kbd.o(.text) for get_button
    photo_gallery.o(.text) refers to lena.o(.constdata) for lena
    photo_gallery.o(.text) refers to angel.o(.constdata) for angel
    photo_gallery.o(.text) refers to girl.o(.constdata) for girl
    game.o(.text) refers to glcd_spi_lpc1700.o(.text) for GLCD_Clear
    game.o(.text) refers to rand.o(.text) for rand
    game.o(.text) refers to kbd.o(.text) for get_button
    game.o(.text) refers to game.o(.data) for delay
    usbuser.o(.text) refers to usbcore.o(.text) for USB_ResetCore
    usbuser.o(.text) refers to usbhw.o(.text) for USB_DMA_BufAdr
    usbuser.o(.text) refers to usbdmain.o(.data) for DataBuf
    usbuser.o(.constdata) refers to usbcore.o(.text) for USB_EndPoint0
    usbuser.o(.constdata) refers to usbuser.o(.text) for USB_EndPoint3
    adcuser.o(.text) refers to usbcore.o(.data) for SetupPacket
    adcuser.o(.text) refers to usbdmain.o(.data) for Mute
    adcuser.o(.text) refers to usbcore.o(.bss) for EP0Buf
    adcuser.o(.text) refers to adcuser.o(.data) for VolCur
    usbcore.o(.text) refers to usbhw.o(.text) for USB_ReadEP
    usbcore.o(.text) refers to usbcore.o(i.USB_ReqGetStatus) for USB_ReqGetStatus
    usbcore.o(.text) refers to usbcore.o(i.USB_ReqSetClrFeature) for USB_ReqSetClrFeature
    usbcore.o(.text) refers to usbcore.o(i.USB_ReqGetDescriptor) for USB_ReqGetDescriptor
    usbcore.o(.text) refers to usbcore.o(i.USB_ReqSetConfiguration) for USB_ReqSetConfiguration
    usbcore.o(.text) refers to usbcore.o(i.USB_ReqSetInterface) for USB_ReqSetInterface
    usbcore.o(.text) refers to adcuser.o(.text) for ADC_IF_GetRequest
    usbcore.o(.text) refers to usbcore.o(.data) for USB_DeviceStatus
    usbcore.o(.text) refers to usbcore.o(.bss) for EP0Buf
    usbdmain.o(.text) refers to kbd.o(.text) for get_button
    usbdmain.o(.text) refers to usbhw.o(.text) for USB_Connect
    usbdmain.o(.text) refers to system_lpc17xx.o(.text) for SystemClockUpdate
    usbdmain.o(.text) refers to glcd_spi_lpc1700.o(.text) for GLCD_Init
    usbdmain.o(.text) refers to usbdmain.o(.data) for PotVal
    usbdmain.o(.text) refers to adcuser.o(.data) for VolCur
    usbdmain.o(.text) refers to system_lpc17xx.o(.data) for SystemFrequency
    usbhw.o(.text) refers to usbhw.o(.data) for DDMemMap
    usbhw.o(.text) refers to usbhw.o(.bss) for udca
    usbhw.o(.text) refers to usbhw.o(USB_RAM) for UDCA
    usbhw.o(.text) refers to usbcore.o(.data) for USB_DeviceStatus
    usbhw.o(.text) refers to usbuser.o(.text) for USB_Reset_Event
    usbhw.o(.text) refers to usbhw.o(.constdata) for DDAdr
    usbhw.o(.text) refers to usbuser.o(.constdata) for USB_P_EP
    entry.o(.ARM.Collect$$$$00000000) refers (Special) to entry10a.o(.ARM.Collect$$$$0000000D) for __rt_final_cpp
    entry.o(.ARM.Collect$$$$00000000) refers (Special) to entry11a.o(.ARM.Collect$$$$0000000F) for __rt_final_exit
    entry.o(.ARM.Collect$$$$00000000) refers (Special) to entry7b.o(.ARM.Collect$$$$00000008) for _main_clock
    entry.o(.ARM.Collect$$$$00000000) refers (Special) to entry8b.o(.ARM.Collect$$$$0000000A) for _main_cpp_init
    entry.o(.ARM.Collect$$$$00000000) refers (Special) to entry9a.o(.ARM.Collect$$$$0000000B) for _main_init
    entry.o(.ARM.Collect$$$$00000000) refers (Special) to entry5.o(.ARM.Collect$$$$00000004) for _main_scatterload
    entry.o(.ARM.Collect$$$$00000000) refers (Special) to entry2.o(.ARM.Collect$$$$00000001) for _main_stk
    uldiv.o(.text) refers to llushr.o(.text) for __aeabi_llsr
    uldiv.o(.text) refers to llshl.o(.text) for __aeabi_llsl
    rand.o(.text) refers to rand.o(.data) for .data
    entry2.o(.ARM.Collect$$$$00000001) refers to entry2.o(.ARM.Collect$$$$00002712) for __lit__00000000
    entry2.o(.ARM.Collect$$$$00002712) refers to startup_lpc17xx.o(STACK) for __initial_sp
    entry2.o(__vectab_stack_and_reset_area) refers to startup_lpc17xx.o(STACK) for __initial_sp
    entry2.o(__vectab_stack_and_reset_area) refers to entry.o(.ARM.Collect$$$$00000000) for __main
    entry5.o(.ARM.Collect$$$$00000004) refers to init.o(.text) for __scatterload
    entry9a.o(.ARM.Collect$$$$0000000B) refers to blinky.o(.text) for main
    entry9b.o(.ARM.Collect$$$$0000000C) refers to blinky.o(.text) for main
    init.o(.text) refers to entry5.o(.ARM.Collect$$$$00000004) for __main_after_scatterload
    usbcore.o(i.USB_ReqGetStatus) refers to usbcore.o(.data) for SetupPacket
    usbcore.o(i.USB_ReqGetStatus) refers to usbcore.o(.bss) for EP0Buf
    usbcore.o(i.USB_ReqSetClrFeature) refers to usbhw.o(.text) for USB_WakeUpCfg
    usbcore.o(i.USB_ReqSetClrFeature) refers to usbcore.o(.data) for SetupPacket
    usbcore.o(i.USB_ReqGetDescriptor) refers to usbcore.o(.data) for SetupPacket
    usbcore.o(i.USB_ReqGetDescriptor) refers to usbdesc.o(.constdata) for USB_DeviceDescriptor
    usbcore.o(i.USB_ReqSetConfiguration) refers to usbhw.o(.text) for USB_DisableEP
    usbcore.o(i.USB_ReqSetConfiguration) refers to usbcore.o(.data) for SetupPacket
    usbcore.o(i.USB_ReqSetConfiguration) refers to usbdesc.o(.constdata) for USB_ConfigDescriptor
    usbcore.o(i.USB_ReqSetInterface) refers to usbhw.o(.text) for USB_ConfigEP
    usbcore.o(i.USB_ReqSetInterface) refers to usbcore.o(.data) for SetupPacket
    usbcore.o(i.USB_ReqSetInterface) refers to usbdesc.o(.constdata) for USB_ConfigDescriptor


==============================================================================

Removing Unused input sections from the image.

    Removing startup_lpc17xx.o(HEAP), (0 bytes).
    Removing system_lpc17xx.o(.rev16_text), (4 bytes).
    Removing system_lpc17xx.o(.revsh_text), (4 bytes).
    Removing glcd_spi_lpc1700.o(.rev16_text), (4 bytes).
    Removing glcd_spi_lpc1700.o(.revsh_text), (4 bytes).
    Removing led.o(.rev16_text), (4 bytes).
    Removing led.o(.revsh_text), (4 bytes).
    Removing blinky.o(.rev16_text), (4 bytes).
    Removing blinky.o(.revsh_text), (4 bytes).
    Removing kbd.o(.rev16_text), (4 bytes).
    Removing kbd.o(.revsh_text), (4 bytes).
    Removing kbd.o(.data), (4 bytes).
    Removing photo_gallery.o(.rev16_text), (4 bytes).
    Removing photo_gallery.o(.revsh_text), (4 bytes).
    Removing game.o(.rev16_text), (4 bytes).
    Removing game.o(.revsh_text), (4 bytes).
    Removing adcuser.o(.constdata), (6 bytes).
    Removing core_cm3.o(.emb_text), (32 bytes).

18 unused section(s) (total 98 bytes) removed from the image.

==============================================================================

Image Symbol Table

    Local Symbols

    Symbol Name                              Value     Ov Type        Size  Object(Section)

    RESET                                    0x00000000   Section      204  startup_lpc17xx.o(RESET)
    ../clib/microlib/division.c              0x00000000   Number         0  uldiv.o ABSOLUTE
    ../clib/microlib/init/entry.s            0x00000000   Number         0  entry5.o ABSOLUTE
    ../clib/microlib/init/entry.s            0x00000000   Number         0  entry8b.o ABSOLUTE
    ../clib/microlib/init/entry.s            0x00000000   Number         0  entry8a.o ABSOLUTE
    ../clib/microlib/init/entry.s            0x00000000   Number         0  entry7a.o ABSOLUTE
    ../clib/microlib/init/entry.s            0x00000000   Number         0  entry7b.o ABSOLUTE
    ../clib/microlib/init/entry.s            0x00000000   Number         0  entry.o ABSOLUTE
    ../clib/microlib/init/entry.s            0x00000000   Number         0  entry9b.o ABSOLUTE
    ../clib/microlib/init/entry.s            0x00000000   Number         0  entry11b.o ABSOLUTE
    ../clib/microlib/init/entry.s            0x00000000   Number         0  entry10b.o ABSOLUTE
    ../clib/microlib/init/entry.s            0x00000000   Number         0  entry11a.o ABSOLUTE
    ../clib/microlib/init/entry.s            0x00000000   Number         0  entry10a.o ABSOLUTE
    ../clib/microlib/init/entry.s            0x00000000   Number         0  entry2.o ABSOLUTE
    ../clib/microlib/init/entry.s            0x00000000   Number         0  entry9a.o ABSOLUTE
    ../clib/microlib/longlong.c              0x00000000   Number         0  llushr.o ABSOLUTE
    ../clib/microlib/longlong.c              0x00000000   Number         0  llshl.o ABSOLUTE
    ../clib/microlib/stdlib/rand.c           0x00000000   Number         0  rand.o ABSOLUTE
    Blinky.c                                 0x00000000   Number         0  blinky.o ABSOLUTE
    Blinky.c                                 0x00000000   Number         0  blinky.o ABSOLUTE
    GLCD_SPI_LPC1700.c                       0x00000000   Number         0  glcd_spi_lpc1700.o ABSOLUTE
    GLCD_SPI_LPC1700.c                       0x00000000   Number         0  glcd_spi_lpc1700.o ABSOLUTE
    IRQ.c                                    0x00000000   Number         0  irq.o ABSOLUTE
    KBD.c                                    0x00000000   Number         0  kbd.o ABSOLUTE
    KBD.c                                    0x00000000   Number         0  kbd.o ABSOLUTE
    LED.c                                    0x00000000   Number         0  led.o ABSOLUTE
    LED.c                                    0x00000000   Number         0  led.o ABSOLUTE
    audio\\core_cm3.c                        0x00000000   Number         0  core_cm3.o ABSOLUTE
    audio\adcuser.c                          0x00000000   Number         0  adcuser.o ABSOLUTE
    audio\core_cm3.c                         0x00000000   Number         0  core_cm3.o ABSOLUTE
    audio\usbcore.c                          0x00000000   Number         0  usbcore.o ABSOLUTE
    audio\usbdesc.c                          0x00000000   Number         0  usbdesc.o ABSOLUTE
    audio\usbdmain.c                         0x00000000   Number         0  usbdmain.o ABSOLUTE
    audio\usbhw.c                            0x00000000   Number         0  usbhw.o ABSOLUTE
    audio\usbuser.c                          0x00000000   Number         0  usbuser.o ABSOLUTE
    dc.s                                     0x00000000   Number         0  dc.o ABSOLUTE
    game.c                                   0x00000000   Number         0  game.o ABSOLUTE
    game.c                                   0x00000000   Number         0  game.o ABSOLUTE
    handlers.s                               0x00000000   Number         0  handlers.o ABSOLUTE
    images\angel.c                           0x00000000   Number         0  angel.o ABSOLUTE
    images\girl.c                            0x00000000   Number         0  girl.o ABSOLUTE
    images\lena.c                            0x00000000   Number         0  lena.o ABSOLUTE
    init.s                                   0x00000000   Number         0  init.o ABSOLUTE
    photo_gallery.c                          0x00000000   Number         0  photo_gallery.o ABSOLUTE
    photo_gallery.c                          0x00000000   Number         0  photo_gallery.o ABSOLUTE
    startup_LPC17xx.s                        0x00000000   Number         0  startup_lpc17xx.o ABSOLUTE
    system_LPC17xx.c                         0x00000000   Number         0  system_lpc17xx.o ABSOLUTE
    system_LPC17xx.c                         0x00000000   Number         0  system_lpc17xx.o ABSOLUTE
    .ARM.Collect$$$$00000000                 0x000000cc   Section        0  entry.o(.ARM.Collect$$$$00000000)
    .ARM.Collect$$$$00000001                 0x000000cc   Section        4  entry2.o(.ARM.Collect$$$$00000001)
    .ARM.Collect$$$$00000004                 0x000000d0   Section        4  entry5.o(.ARM.Collect$$$$00000004)
    .ARM.Collect$$$$00000008                 0x000000d4   Section        0  entry7b.o(.ARM.Collect$$$$00000008)
    .ARM.Collect$$$$0000000A                 0x000000d4   Section        0  entry8b.o(.ARM.Collect$$$$0000000A)
    .ARM.Collect$$$$0000000B                 0x000000d4   Section        8  entry9a.o(.ARM.Collect$$$$0000000B)
    .ARM.Collect$$$$0000000D                 0x000000dc   Section        0  entry10a.o(.ARM.Collect$$$$0000000D)
    .ARM.Collect$$$$0000000F                 0x000000dc   Section        0  entry11a.o(.ARM.Collect$$$$0000000F)
    .ARM.Collect$$$$00002712                 0x000000dc   Section        4  entry2.o(.ARM.Collect$$$$00002712)
    __lit__00000000                          0x000000dc   Data           4  entry2.o(.ARM.Collect$$$$00002712)
    .text                                    0x000000e0   Section       36  startup_lpc17xx.o(.text)
    .text                                    0x00000104   Section        0  led.o(.text)
    .text                                    0x000001b0   Section        0  irq.o(.text)
    .text                                    0x0000023c   Section        0  kbd.o(.text)
    .text                                    0x0000029c   Section        0  rand.o(.text)
    .text                                    0x000002c0   Section        0  llshl.o(.text)
    i.__scatterload_copy                     0x000002de   Section       14  handlers.o(i.__scatterload_copy)
    i.__scatterload_null                     0x000002ec   Section        2  handlers.o(i.__scatterload_null)
    i.__scatterload_zeroinit                 0x000002ee   Section       14  handlers.o(i.__scatterload_zeroinit)
    .ARM.__at_0x02FC                         0x000002fc   Section        4  startup_lpc17xx.o(.ARM.__at_0x02FC)
    .text                                    0x00000300   Section        0  system_lpc17xx.o(.text)
    .text                                    0x00000760   Section        0  glcd_spi_lpc1700.o(.text)
    delay                                    0x00000761   Thumb Code    14  glcd_spi_lpc1700.o(.text)
    spi_tran_man                             0x0000076f   Thumb Code   124  glcd_spi_lpc1700.o(.text)
    wr_cmd                                   0x000007eb   Thumb Code    36  glcd_spi_lpc1700.o(.text)
    wr_dat                                   0x0000080f   Thumb Code    36  glcd_spi_lpc1700.o(.text)
    rd_reg                                   0x00000833   Thumb Code    66  glcd_spi_lpc1700.o(.text)
    rd_id_man                                0x00000875   Thumb Code   132  glcd_spi_lpc1700.o(.text)
    spi_tran                                 0x0000124b   Thumb Code    26  glcd_spi_lpc1700.o(.text)
    wr_dat_start                             0x00001265   Thumb Code    16  glcd_spi_lpc1700.o(.text)
    wr_dat_stop                              0x00001275   Thumb Code     8  glcd_spi_lpc1700.o(.text)
    wr_dat_only                              0x0000127d   Thumb Code    18  glcd_spi_lpc1700.o(.text)
    wr_reg                                   0x0000128f   Thumb Code    20  glcd_spi_lpc1700.o(.text)
    .text                                    0x000012bc   Section        0  blinky.o(.text)
    .text                                    0x000016a0   Section        0  photo_gallery.o(.text)
    .text                                    0x000017ac   Section        0  game.o(.text)
    .text                                    0x00001b70   Section        0  usbuser.o(.text)
    .text                                    0x00001c50   Section        0  adcuser.o(.text)
    .text                                    0x00001d38   Section        0  usbcore.o(.text)
    .text                                    0x00002114   Section        0  usbdmain.o(.text)
    NVIC_EnableIRQ                           0x0000236b   Thumb Code    24  usbdmain.o(.text)
    NVIC_DisableIRQ                          0x00002383   Thumb Code    18  usbdmain.o(.text)
    .text                                    0x00002430   Section        0  usbhw.o(.text)
    .text                                    0x00002ce4   Section        0  uldiv.o(.text)
    .text                                    0x00002d46   Section        0  llushr.o(.text)
    .text                                    0x00002d68   Section       36  init.o(.text)
    i.USB_ReqGetDescriptor                   0x00002d8c   Section        0  usbcore.o(i.USB_ReqGetDescriptor)
    i.USB_ReqGetStatus                       0x00002e44   Section        0  usbcore.o(i.USB_ReqGetStatus)
    i.USB_ReqSetClrFeature                   0x00002f04   Section        0  usbcore.o(i.USB_ReqSetClrFeature)
    i.USB_ReqSetConfiguration                0x00002ff0   Section        0  usbcore.o(i.USB_ReqSetConfiguration)
    i.USB_ReqSetInterface                    0x000031a4   Section        0  usbcore.o(i.USB_ReqSetInterface)
    .constdata                               0x000032d4   Section     6272  glcd_spi_lpc1700.o(.constdata)
    .constdata                               0x00004b54   Section       32  led.o(.constdata)
    .constdata                               0x00004b74   Section    45001  angel.o(.constdata)
    .constdata                               0x0000fb3d   Section    45001  girl.o(.constdata)
    .constdata                               0x0001ab06   Section    45001  lena.o(.constdata)
    .constdata                               0x00025ad0   Section       64  usbuser.o(.constdata)
    .constdata                               0x00025b10   Section      228  usbdesc.o(.constdata)
    .constdata                               0x00025bf4   Section       16  usbhw.o(.constdata)
    .data                                    0x10000000   Section        8  system_lpc17xx.o(.data)
    .data                                    0x10000008   Section        5  glcd_spi_lpc1700.o(.data)
    Color                                    0x10000008   Data           4  glcd_spi_lpc1700.o(.data)
    Himax                                    0x1000000c   Data           1  glcd_spi_lpc1700.o(.data)
    .data                                    0x10000010   Section       12  irq.o(.data)
    .data                                    0x1000001c   Section        4  game.o(.data)
    .data                                    0x10000020   Section        2  adcuser.o(.data)
    .data                                    0x10000024   Section       40  usbcore.o(.data)
    .data                                    0x1000004c   Section       40  usbdmain.o(.data)
    .data                                    0x10000074   Section        8  usbhw.o(.data)
    .data                                    0x1000007c   Section        4  rand.o(.data)
    _rand_state                              0x1000007c   Data           4  rand.o(.data)
    .bss                                     0x10000080   Section       64  usbcore.o(.bss)
    .bss                                     0x100000c0   Section      128  usbhw.o(.bss)
    STACK                                    0x10000140   Section      512  startup_lpc17xx.o(STACK)
    USB_RAM                                  0x10000340   Section      544  usbhw.o(USB_RAM)

    Global Symbols

    Symbol Name                              Value     Ov Type        Size  Object(Section)

    BuildAttributes$$THM_ISAv4$P$D$K$B$S$PE$A:L22UL41UL21$X:L11$S22US41US21$IEEE1$IW$USESV6$~STKCKD$USESV7$~SHL$OSPACE$EBA8$MICROLIB$REQ8$PRES8$EABIv2 0x00000000   Number         0  anon$$obj.o ABSOLUTE
    __ARM_use_no_argv                        0x00000000   Number         0  blinky.o ABSOLUTE
    __Vectors                                0x00000000   Data           4  startup_lpc17xx.o(RESET)
    __cpp_initialize__aeabi_                  - Undefined Weak Reference
    __cxa_finalize                            - Undefined Weak Reference
    __decompress                              - Undefined Weak Reference
    _clock_init                               - Undefined Weak Reference
    _microlib_exit                            - Undefined Weak Reference
    __main                                   0x000000cd   Thumb Code     0  entry.o(.ARM.Collect$$$$00000000)
    _main_stk                                0x000000cd   Thumb Code     0  entry2.o(.ARM.Collect$$$$00000001)
    _main_scatterload                        0x000000d1   Thumb Code     0  entry5.o(.ARM.Collect$$$$00000004)
    __main_after_scatterload                 0x000000d5   Thumb Code     0  entry5.o(.ARM.Collect$$$$00000004)
    _main_clock                              0x000000d5   Thumb Code     0  entry7b.o(.ARM.Collect$$$$00000008)
    _main_cpp_init                           0x000000d5   Thumb Code     0  entry8b.o(.ARM.Collect$$$$0000000A)
    _main_init                               0x000000d5   Thumb Code     0  entry9a.o(.ARM.Collect$$$$0000000B)
    __rt_final_cpp                           0x000000dd   Thumb Code     0  entry10a.o(.ARM.Collect$$$$0000000D)
    __rt_final_exit                          0x000000dd   Thumb Code     0  entry11a.o(.ARM.Collect$$$$0000000F)
    Reset_Handler                            0x000000e1   Thumb Code     8  startup_lpc17xx.o(.text)
    NMI_Handler                              0x000000e9   Thumb Code     2  startup_lpc17xx.o(.text)
    HardFault_Handler                        0x000000eb   Thumb Code     2  startup_lpc17xx.o(.text)
    MemManage_Handler                        0x000000ed   Thumb Code     2  startup_lpc17xx.o(.text)
    BusFault_Handler                         0x000000ef   Thumb Code     2  startup_lpc17xx.o(.text)
    UsageFault_Handler                       0x000000f1   Thumb Code     2  startup_lpc17xx.o(.text)
    SVC_Handler                              0x000000f3   Thumb Code     2  startup_lpc17xx.o(.text)
    DebugMon_Handler                         0x000000f5   Thumb Code     2  startup_lpc17xx.o(.text)
    PendSV_Handler                           0x000000f7   Thumb Code     2  startup_lpc17xx.o(.text)
    ADC_IRQHandler                           0x000000fb   Thumb Code     0  startup_lpc17xx.o(.text)
    BOD_IRQHandler                           0x000000fb   Thumb Code     0  startup_lpc17xx.o(.text)
    CANActivity_IRQHandler                   0x000000fb   Thumb Code     0  startup_lpc17xx.o(.text)
    CAN_IRQHandler                           0x000000fb   Thumb Code     0  startup_lpc17xx.o(.text)
    DMA_IRQHandler                           0x000000fb   Thumb Code     0  startup_lpc17xx.o(.text)
    EINT0_IRQHandler                         0x000000fb   Thumb Code     0  startup_lpc17xx.o(.text)
    EINT1_IRQHandler                         0x000000fb   Thumb Code     0  startup_lpc17xx.o(.text)
    EINT2_IRQHandler                         0x000000fb   Thumb Code     0  startup_lpc17xx.o(.text)
    EINT3_IRQHandler                         0x000000fb   Thumb Code     0  startup_lpc17xx.o(.text)
    ENET_IRQHandler                          0x000000fb   Thumb Code     0  startup_lpc17xx.o(.text)
    I2C0_IRQHandler                          0x000000fb   Thumb Code     0  startup_lpc17xx.o(.text)
    I2C1_IRQHandler                          0x000000fb   Thumb Code     0  startup_lpc17xx.o(.text)
    I2C2_IRQHandler                          0x000000fb   Thumb Code     0  startup_lpc17xx.o(.text)
    I2S_IRQHandler                           0x000000fb   Thumb Code     0  startup_lpc17xx.o(.text)
    MCPWM_IRQHandler                         0x000000fb   Thumb Code     0  startup_lpc17xx.o(.text)
    PLL0_IRQHandler                          0x000000fb   Thumb Code     0  startup_lpc17xx.o(.text)
    PLL1_IRQHandler                          0x000000fb   Thumb Code     0  startup_lpc17xx.o(.text)
    PWM1_IRQHandler                          0x000000fb   Thumb Code     0  startup_lpc17xx.o(.text)
    QEI_IRQHandler                           0x000000fb   Thumb Code     0  startup_lpc17xx.o(.text)
    RIT_IRQHandler                           0x000000fb   Thumb Code     0  startup_lpc17xx.o(.text)
    RTC_IRQHandler                           0x000000fb   Thumb Code     0  startup_lpc17xx.o(.text)
    SPI_IRQHandler                           0x000000fb   Thumb Code     0  startup_lpc17xx.o(.text)
    SSP0_IRQHandler                          0x000000fb   Thumb Code     0  startup_lpc17xx.o(.text)
    SSP1_IRQHandler                          0x000000fb   Thumb Code     0  startup_lpc17xx.o(.text)
    TIMER1_IRQHandler                        0x000000fb   Thumb Code     0  startup_lpc17xx.o(.text)
    TIMER2_IRQHandler                        0x000000fb   Thumb Code     0  startup_lpc17xx.o(.text)
    TIMER3_IRQHandler                        0x000000fb   Thumb Code     0  startup_lpc17xx.o(.text)
    UART0_IRQHandler                         0x000000fb   Thumb Code     0  startup_lpc17xx.o(.text)
    UART1_IRQHandler                         0x000000fb   Thumb Code     0  startup_lpc17xx.o(.text)
    UART2_IRQHandler                         0x000000fb   Thumb Code     0  startup_lpc17xx.o(.text)
    UART3_IRQHandler                         0x000000fb   Thumb Code     0  startup_lpc17xx.o(.text)
    USBActivity_IRQHandler                   0x000000fb   Thumb Code     0  startup_lpc17xx.o(.text)
    WDT_IRQHandler                           0x000000fb   Thumb Code     0  startup_lpc17xx.o(.text)
    LED_Init                                 0x00000105   Thumb Code    38  led.o(.text)
    LED_On                                   0x0000012b   Thumb Code    40  led.o(.text)
    LED_Off                                  0x00000153   Thumb Code    40  led.o(.text)
    LED_Out                                  0x0000017b   Thumb Code    38  led.o(.text)
    SysTick_Handler                          0x000001b1   Thumb Code   118  irq.o(.text)
    KBD_Init                                 0x0000023d   Thumb Code    42  kbd.o(.text)
    KBD_get                                  0x00000267   Thumb Code    12  kbd.o(.text)
    get_button                               0x00000273   Thumb Code    20  kbd.o(.text)
    rand                                     0x0000029d   Thumb Code    20  rand.o(.text)
    srand                                    0x000002b1   Thumb Code     6  rand.o(.text)
    __aeabi_llsl                             0x000002c1   Thumb Code    30  llshl.o(.text)
    _ll_shift_l                              0x000002c1   Thumb Code     0  llshl.o(.text)
    __scatterload_copy                       0x000002df   Thumb Code    14  handlers.o(i.__scatterload_copy)
    __scatterload_null                       0x000002ed   Thumb Code     2  handlers.o(i.__scatterload_null)
    __scatterload_zeroinit                   0x000002ef   Thumb Code    14  handlers.o(i.__scatterload_zeroinit)
    SystemCoreClockUpdate                    0x00000301   Thumb Code   424  system_lpc17xx.o(.text)
    SystemInit                               0x000004a9   Thumb Code   290  system_lpc17xx.o(.text)
    SystemClockUpdate                        0x000005cb   Thumb Code   398  system_lpc17xx.o(.text)
    GLCD_Init                                0x000008f9   Thumb Code  1514  glcd_spi_lpc1700.o(.text)
    GLCD_SetWindow                           0x00000ee3   Thumb Code   168  glcd_spi_lpc1700.o(.text)
    GLCD_WindowMax                           0x00000f8b   Thumb Code    26  glcd_spi_lpc1700.o(.text)
    GLCD_PutPixel                            0x00000fa5   Thumb Code   118  glcd_spi_lpc1700.o(.text)
    GLCD_SetTextColor                        0x0000101b   Thumb Code     6  glcd_spi_lpc1700.o(.text)
    GLCD_SetBackColor                        0x00001021   Thumb Code     6  glcd_spi_lpc1700.o(.text)
    GLCD_Clear                               0x00001027   Thumb Code    42  glcd_spi_lpc1700.o(.text)
    GLCD_DrawChar                            0x00001051   Thumb Code   150  glcd_spi_lpc1700.o(.text)
    GLCD_DisplayChar                         0x000010e7   Thumb Code    84  glcd_spi_lpc1700.o(.text)
    GLCD_DisplayString                       0x0000113b   Thumb Code    40  glcd_spi_lpc1700.o(.text)
    GLCD_Bitmap                              0x00001163   Thumb Code    82  glcd_spi_lpc1700.o(.text)
    GLCD_BitmapFull                          0x000011b5   Thumb Code   122  glcd_spi_lpc1700.o(.text)
    GLCD_WrCmd                               0x0000122f   Thumb Code    12  glcd_spi_lpc1700.o(.text)
    GLCD_WrReg                               0x0000123b   Thumb Code    16  glcd_spi_lpc1700.o(.text)
    main                                     0x000012bd   Thumb Code   718  blinky.o(.text)
    image_view                               0x000016a1   Thumb Code   184  photo_gallery.o(.text)
    delay_ms                                 0x000017ad   Thumb Code    36  game.o(.text)
    showcolor                                0x000017d1   Thumb Code    90  game.o(.text)
    game                                     0x0000182b   Thumb Code   534  game.o(.text)
    USB_Reset_Event                          0x00001b71   Thumb Code     8  usbuser.o(.text)
    USB_SOF_Event                            0x00001b79   Thumb Code     2  usbuser.o(.text)
    USB_EndPoint1                            0x00001b7b   Thumb Code     2  usbuser.o(.text)
    USB_EndPoint2                            0x00001b7d   Thumb Code     2  usbuser.o(.text)
    USB_EndPoint3                            0x00001b7f   Thumb Code   164  usbuser.o(.text)
    USB_EndPoint4                            0x00001c23   Thumb Code     2  usbuser.o(.text)
    USB_EndPoint5                            0x00001c25   Thumb Code     2  usbuser.o(.text)
    USB_EndPoint6                            0x00001c27   Thumb Code     2  usbuser.o(.text)
    USB_EndPoint7                            0x00001c29   Thumb Code     2  usbuser.o(.text)
    USB_EndPoint8                            0x00001c2b   Thumb Code     2  usbuser.o(.text)
    USB_EndPoint9                            0x00001c2d   Thumb Code     2  usbuser.o(.text)
    USB_EndPoint10                           0x00001c2f   Thumb Code     2  usbuser.o(.text)
    USB_EndPoint11                           0x00001c31   Thumb Code     2  usbuser.o(.text)
    USB_EndPoint12                           0x00001c33   Thumb Code     2  usbuser.o(.text)
    USB_EndPoint13                           0x00001c35   Thumb Code     2  usbuser.o(.text)
    USB_EndPoint14                           0x00001c37   Thumb Code     2  usbuser.o(.text)
    USB_EndPoint15                           0x00001c39   Thumb Code     2  usbuser.o(.text)
    ADC_IF_GetRequest                        0x00001c51   Thumb Code   128  adcuser.o(.text)
    ADC_IF_SetRequest                        0x00001cd1   Thumb Code    80  adcuser.o(.text)
    ADC_EP_GetRequest                        0x00001d21   Thumb Code     4  adcuser.o(.text)
    ADC_EP_SetRequest                        0x00001d25   Thumb Code     4  adcuser.o(.text)
    USB_ResetCore                            0x00001d39   Thumb Code    34  usbcore.o(.text)
    USB_SetupStage                           0x00001d5b   Thumb Code    12  usbcore.o(.text)
    USB_DataInStage                          0x00001d67   Thumb Code    52  usbcore.o(.text)
    USB_DataOutStage                         0x00001d9b   Thumb Code    34  usbcore.o(.text)
    USB_StatusInStage                        0x00001dbd   Thumb Code    14  usbcore.o(.text)
    USB_StatusOutStage                       0x00001dcb   Thumb Code    12  usbcore.o(.text)
    USB_EndPoint0                            0x00001dd7   Thumb Code   784  usbcore.o(.text)
    get_potval                               0x00002115   Thumb Code    54  usbdmain.o(.text)
    TIMER0_IRQHandler                        0x0000214b   Thumb Code   304  usbdmain.o(.text)
    audio_main                               0x0000227b   Thumb Code   240  usbdmain.o(.text)
    EPAdr                                    0x00002431   Thumb Code    16  usbhw.o(.text)
    WrCmd                                    0x00002441   Thumb Code    26  usbhw.o(.text)
    WrCmdDat                                 0x0000245b   Thumb Code    50  usbhw.o(.text)
    WrCmdEP                                  0x0000248d   Thumb Code    70  usbhw.o(.text)
    RdCmdDat                                 0x000024d3   Thumb Code    32  usbhw.o(.text)
    USB_SetAddress                           0x000024f3   Thumb Code    42  usbhw.o(.text)
    USB_Reset                                0x0000251d   Thumb Code   170  usbhw.o(.text)
    USB_Init                                 0x000025c7   Thumb Code   138  usbhw.o(.text)
    USB_Connect                              0x00002651   Thumb Code    28  usbhw.o(.text)
    USB_Suspend                              0x0000266d   Thumb Code     2  usbhw.o(.text)
    USB_Resume                               0x0000266f   Thumb Code     2  usbhw.o(.text)
    USB_WakeUp                               0x00002671   Thumb Code    22  usbhw.o(.text)
    USB_WakeUpCfg                            0x00002687   Thumb Code     2  usbhw.o(.text)
    USB_Configure                            0x00002689   Thumb Code    54  usbhw.o(.text)
    USB_ConfigEP                             0x000026bf   Thumb Code    66  usbhw.o(.text)
    USB_DirCtrlEP                            0x00002701   Thumb Code     2  usbhw.o(.text)
    USB_EnableEP                             0x00002703   Thumb Code    26  usbhw.o(.text)
    USB_DisableEP                            0x0000271d   Thumb Code    26  usbhw.o(.text)
    USB_ResetEP                              0x00002737   Thumb Code    26  usbhw.o(.text)
    USB_SetStallEP                           0x00002751   Thumb Code    26  usbhw.o(.text)
    USB_ClrStallEP                           0x0000276b   Thumb Code    26  usbhw.o(.text)
    USB_ClearEPBuf                           0x00002785   Thumb Code    14  usbhw.o(.text)
    USB_ReadEP                               0x00002793   Thumb Code    92  usbhw.o(.text)
    USB_WriteEP                              0x000027ef   Thumb Code   226  usbhw.o(.text)
    USB_DMA_Setup                            0x000028d1   Thumb Code   248  usbhw.o(.text)
    USB_DMA_Enable                           0x000029c9   Thumb Code    20  usbhw.o(.text)
    USB_DMA_Disable                          0x000029dd   Thumb Code    20  usbhw.o(.text)
    USB_DMA_Status                           0x000029f1   Thumb Code    76  usbhw.o(.text)
    USB_DMA_BufAdr                           0x00002a3d   Thumb Code    30  usbhw.o(.text)
    USB_DMA_BufCnt                           0x00002a5b   Thumb Code    30  usbhw.o(.text)
    USB_GetFrame                             0x00002a79   Thumb Code    30  usbhw.o(.text)
    USB_IRQHandler                           0x00002a97   Thumb Code   494  usbhw.o(.text)
    __aeabi_uldivmod                         0x00002ce5   Thumb Code    98  uldiv.o(.text)
    __aeabi_llsr                             0x00002d47   Thumb Code    32  llushr.o(.text)
    _ll_ushift_r                             0x00002d47   Thumb Code     0  llushr.o(.text)
    __scatterload                            0x00002d69   Thumb Code    28  init.o(.text)
    __scatterload_rt2                        0x00002d69   Thumb Code     0  init.o(.text)
    USB_ReqGetDescriptor                     0x00002d8d   Thumb Code   164  usbcore.o(i.USB_ReqGetDescriptor)
    USB_ReqGetStatus                         0x00002e45   Thumb Code   160  usbcore.o(i.USB_ReqGetStatus)
    USB_ReqSetClrFeature                     0x00002f05   Thumb Code   210  usbcore.o(i.USB_ReqSetClrFeature)
    USB_ReqSetConfiguration                  0x00002ff1   Thumb Code   400  usbcore.o(i.USB_ReqSetConfiguration)
    USB_ReqSetInterface                      0x000031a5   Thumb Code   278  usbcore.o(i.USB_ReqSetInterface)
    Font_6x8_h                               0x000032d4   Data         896  glcd_spi_lpc1700.o(.constdata)
    Font_16x24_h                             0x00003654   Data        5376  glcd_spi_lpc1700.o(.constdata)
    led_mask                                 0x00004b54   Data          32  led.o(.constdata)
    angel                                    0x00004b74   Data       45001  angel.o(.constdata)
    girl                                     0x0000fb3d   Data       45001  girl.o(.constdata)
    lena                                     0x0001ab06   Data       45001  lena.o(.constdata)
    USB_P_EP                                 0x00025ad0   Data          64  usbuser.o(.constdata)
    USB_DeviceDescriptor                     0x00025b10   Data          18  usbdesc.o(.constdata)
    USB_ConfigDescriptor                     0x00025b22   Data         110  usbdesc.o(.constdata)
    USB_StringDescriptor                     0x00025b90   Data         100  usbdesc.o(.constdata)
    DDAdr                                    0x00025bf4   Data           8  usbhw.o(.constdata)
    DDSz                                     0x00025bfc   Data           8  usbhw.o(.constdata)
    Region$$Table$$Base                      0x00025c04   Number         0  anon$$obj.o(Region$$Table)
    Region$$Table$$Limit                     0x00025c24   Number         0  anon$$obj.o(Region$$Table)
    SystemCoreClock                          0x10000000   Data           4  system_lpc17xx.o(.data)
    SystemFrequency                          0x10000004   Data           4  system_lpc17xx.o(.data)
    ticks                                    0x10000010   Data           4  irq.o(.data)
    ClockLEDOn                               0x10000014   Data           1  irq.o(.data)
    ClockLEDOff                              0x10000015   Data           1  irq.o(.data)
    ClockANI                                 0x10000016   Data           1  irq.o(.data)
    counter                                  0x10000018   Data           4  irq.o(.data)
    delay                                    0x1000001c   Data           4  game.o(.data)
    VolCur                                   0x10000020   Data           2  adcuser.o(.data)
    USB_DeviceStatus                         0x10000024   Data           2  usbcore.o(.data)
    USB_DeviceAddress                        0x10000026   Data           1  usbcore.o(.data)
    USB_Configuration                        0x10000027   Data           1  usbcore.o(.data)
    USB_EndPointMask                         0x10000028   Data           4  usbcore.o(.data)
    USB_EndPointHalt                         0x1000002c   Data           4  usbcore.o(.data)
    USB_EndPointStall                        0x10000030   Data           4  usbcore.o(.data)
    USB_NumInterfaces                        0x10000034   Data           1  usbcore.o(.data)
    USB_AltSetting                           0x10000035   Data           4  usbcore.o(.data)
    EP0Data                                  0x1000003c   Data           8  usbcore.o(.data)
    SetupPacket                              0x10000044   Data           8  usbcore.o(.data)
    cont                                     0x1000004c   Data           4  usbdmain.o(.data)
    InfoBuf                                  0x10000050   Data           4  usbdmain.o(.data)
    DataBuf                                  0x10000054   Data           4  usbdmain.o(.data)
    Mute                                     0x10000058   Data           1  usbdmain.o(.data)
    Volume                                   0x1000005c   Data           4  usbdmain.o(.data)
    rep                                      0x10000060   Data           4  usbdmain.o(.data)
    DataOut                                  0x10000064   Data           2  usbdmain.o(.data)
    DataIn                                   0x10000066   Data           2  usbdmain.o(.data)
    DataRun                                  0x10000068   Data           1  usbdmain.o(.data)
    PotVal                                   0x1000006a   Data           2  usbdmain.o(.data)
    VUM                                      0x1000006c   Data           4  usbdmain.o(.data)
    Tick                                     0x10000070   Data           4  usbdmain.o(.data)
    DDMemMap                                 0x10000074   Data           8  usbhw.o(.data)
    EP0Buf                                   0x10000080   Data          64  usbcore.o(.bss)
    udca                                     0x100000c0   Data         128  usbhw.o(.bss)
    UDCA                                     0x10000340   Data         128  usbhw.o(USB_RAM)
    __initial_sp                             0x10000340   Data           0  startup_lpc17xx.o(STACK)
    DD_NISO_Mem                              0x100003c0   Data         256  usbhw.o(USB_RAM)
    DD_ISO_Mem                               0x100004c0   Data         160  usbhw.o(USB_RAM)



==============================================================================

Memory Map of the image

  Image Entry point : 0x000000cd

  Load Region LR_IROM1 (Base: 0x00000000, Size: 0x00025ca4, Max: 0x00040000, ABSOLUTE)

    Execution Region ER_IROM1 (Base: 0x00000000, Size: 0x00025c24, Max: 0x00040000, ABSOLUTE)

    Base Addr    Size         Type   Attr      Idx    E Section Name        Object

    0x00000000   0x000000cc   Data   RO            3    RESET               startup_lpc17xx.o
    0x000000cc   0x00000000   Code   RO          504  * .ARM.Collect$$$$00000000  mc_w.l(entry.o)
    0x000000cc   0x00000004   Code   RO          512    .ARM.Collect$$$$00000001  mc_w.l(entry2.o)
    0x000000d0   0x00000004   Code   RO          515    .ARM.Collect$$$$00000004  mc_w.l(entry5.o)
    0x000000d4   0x00000000   Code   RO          517    .ARM.Collect$$$$00000008  mc_w.l(entry7b.o)
    0x000000d4   0x00000000   Code   RO          519    .ARM.Collect$$$$0000000A  mc_w.l(entry8b.o)
    0x000000d4   0x00000008   Code   RO          520    .ARM.Collect$$$$0000000B  mc_w.l(entry9a.o)
    0x000000dc   0x00000000   Code   RO          522    .ARM.Collect$$$$0000000D  mc_w.l(entry10a.o)
    0x000000dc   0x00000000   Code   RO          524    .ARM.Collect$$$$0000000F  mc_w.l(entry11a.o)
    0x000000dc   0x00000004   Code   RO          513    .ARM.Collect$$$$00002712  mc_w.l(entry2.o)
    0x000000e0   0x00000024   Code   RO            5    .text               startup_lpc17xx.o
    0x00000104   0x000000ac   Code   RO          102    .text               led.o
    0x000001b0   0x0000008c   Code   RO          133    .text               irq.o
    0x0000023c   0x00000060   Code   RO          185    .text               kbd.o
    0x0000029c   0x00000024   Code   RO          509    .text               mc_w.l(rand.o)
    0x000002c0   0x0000001e   Code   RO          526    .text               mc_w.l(llshl.o)
    0x000002de   0x0000000e   Code   RO          534    i.__scatterload_copy  mc_w.l(handlers.o)
    0x000002ec   0x00000002   Code   RO          535    i.__scatterload_null  mc_w.l(handlers.o)
    0x000002ee   0x0000000e   Code   RO          536    i.__scatterload_zeroinit  mc_w.l(handlers.o)
    0x000002fc   0x00000004   Code   RO            4    .ARM.__at_0x02FC    startup_lpc17xx.o
    0x00000300   0x00000460   Code   RO           15    .text               system_lpc17xx.o
    0x00000760   0x00000b5c   Code   RO           58    .text               glcd_spi_lpc1700.o
    0x000012bc   0x000003e4   Code   RO          147    .text               blinky.o
    0x000016a0   0x0000010c   Code   RO          211    .text               photo_gallery.o
    0x000017ac   0x000003c4   Code   RO          231    .text               game.o
    0x00001b70   0x000000e0   Code   RO          289    .text               usbuser.o
    0x00001c50   0x000000e8   Code   RO          327    .text               adcuser.o
    0x00001d38   0x000003dc   Code   RO          363    .text               usbcore.o
    0x00002114   0x0000031c   Code   RO          441    .text               usbdmain.o
    0x00002430   0x000008b4   Code   RO          480    .text               usbhw.o
    0x00002ce4   0x00000062   Code   RO          507    .text               mc_w.l(uldiv.o)
    0x00002d46   0x00000020   Code   RO          528    .text               mc_w.l(llushr.o)
    0x00002d66   0x00000002   PAD
    0x00002d68   0x00000024   Code   RO          530    .text               mc_w.l(init.o)
    0x00002d8c   0x000000b8   Code   RO          388    i.USB_ReqGetDescriptor  usbcore.o
    0x00002e44   0x000000c0   Code   RO          376    i.USB_ReqGetStatus  usbcore.o
    0x00002f04   0x000000ec   Code   RO          382    i.USB_ReqSetClrFeature  usbcore.o
    0x00002ff0   0x000001b4   Code   RO          394    i.USB_ReqSetConfiguration  usbcore.o
    0x000031a4   0x00000130   Code   RO          400    i.USB_ReqSetInterface  usbcore.o
    0x000032d4   0x00001880   Data   RO           59    .constdata          glcd_spi_lpc1700.o
    0x00004b54   0x00000020   Data   RO          103    .constdata          led.o
    0x00004b74   0x0000afc9   Data   RO          262    .constdata          angel.o
    0x0000fb3d   0x0000afc9   Data   RO          271    .constdata          girl.o
    0x0001ab06   0x0000afc9   Data   RO          280    .constdata          lena.o
    0x00025acf   0x00000001   PAD
    0x00025ad0   0x00000040   Data   RO          290    .constdata          usbuser.o
    0x00025b10   0x000000e4   Data   RO          429    .constdata          usbdesc.o
    0x00025bf4   0x00000010   Data   RO          482    .constdata          usbhw.o
    0x00025c04   0x00000020   Data   RO          532    Region$$Table       anon$$obj.o


    Execution Region RW_IRAM1 (Base: 0x10000000, Size: 0x00000560, Max: 0x00008000, ABSOLUTE)

    Base Addr    Size         Type   Attr      Idx    E Section Name        Object

    0x10000000   0x00000008   Data   RW           16    .data               system_lpc17xx.o
    0x10000008   0x00000005   Data   RW           60    .data               glcd_spi_lpc1700.o
    0x1000000d   0x00000003   PAD
    0x10000010   0x0000000c   Data   RW          134    .data               irq.o
    0x1000001c   0x00000004   Data   RW          232    .data               game.o
    0x10000020   0x00000002   Data   RW          329    .data               adcuser.o
    0x10000022   0x00000002   PAD
    0x10000024   0x00000028   Data   RW          365    .data               usbcore.o
    0x1000004c   0x00000028   Data   RW          442    .data               usbdmain.o
    0x10000074   0x00000008   Data   RW          483    .data               usbhw.o
    0x1000007c   0x00000004   Data   RW          510    .data               mc_w.l(rand.o)
    0x10000080   0x00000040   Zero   RW          364    .bss                usbcore.o
    0x100000c0   0x00000080   Zero   RW          481    .bss                usbhw.o
    0x10000140   0x00000200   Zero   RW            1    STACK               startup_lpc17xx.o
    0x10000340   0x00000220   Zero   RW          484    USB_RAM             usbhw.o


==============================================================================

Image component sizes


      Code (inc. data)   RO Data    RW Data    ZI Data      Debug   Object Name

       232         16          0          2          0       1556   adcuser.o
         0          0      45001          0          0        476   angel.o
       996        278          0          0          0      24654   blinky.o
       964        304          0          4          0       1778   game.o
         0          0      45001          0          0        463   girl.o
      2908         62       6272          5          0       8217   glcd_spi_lpc1700.o
       140         22          0         12          0        726   irq.o
        96         22          0          0          0        718   kbd.o
       172         16         32          0          0      17925   led.o
         0          0      45001          0          0        463   lena.o
       268         84          0          0          0        585   photo_gallery.o
        40         12        204          0        512        880   startup_lpc17xx.o
      1120         90          0          8          0       5399   system_lpc17xx.o
      2340        206          0         40         64       7931   usbcore.o
         0          0        228          0          0        593   usbdesc.o
       796        156          0         40          0      22236   usbdmain.o
      2228        256         16          8        672      13031   usbhw.o
       224         22         64          0          0       8727   usbuser.o

    ----------------------------------------------------------------------
     12524       1546     141852        124       1248     116358   Object Totals
         0          0         32          0          0          0   (incl. Generated)
         0          0          1          5          0          0   (incl. Padding)

    ----------------------------------------------------------------------

      Code (inc. data)   RO Data    RW Data    ZI Data      Debug   Library Member Name

         0          0          0          0          0          0   entry.o
         0          0          0          0          0          0   entry10a.o
         0          0          0          0          0          0   entry11a.o
         8          4          0          0          0          0   entry2.o
         4          0          0          0          0          0   entry5.o
         0          0          0          0          0          0   entry7b.o
         0          0          0          0          0          0   entry8b.o
         8          4          0          0          0          0   entry9a.o
        30          0          0          0          0          0   handlers.o
        36          8          0          0          0         68   init.o
        30          0          0          0          0         68   llshl.o
        32          0          0          0          0         68   llushr.o
        36         10          0          4          0        136   rand.o
        98          0          0          0          0         92   uldiv.o

    ----------------------------------------------------------------------
       284         26          0          4          0        432   Library Totals
         2          0          0          0          0          0   (incl. Padding)

    ----------------------------------------------------------------------

      Code (inc. data)   RO Data    RW Data    ZI Data      Debug   Library Name

       282         26          0          4          0        432   mc_w.l

    ----------------------------------------------------------------------
       284         26          0          4          0        432   Library Totals

    ----------------------------------------------------------------------

==============================================================================


      Code (inc. data)   RO Data    RW Data    ZI Data      Debug   

     12808       1572     141852        128       1248     115230   Grand Totals
     12808       1572     141852        128       1248     115230   ELF Image Totals
     12808       1572     141852        128          0          0   ROM Totals

==============================================================================

    Total RO  Size (Code + RO Data)               154660 ( 151.04kB)
    Total RW  Size (RW Data + ZI Data)              1376 (   1.34kB)
    Total ROM Size (Code + RO Data + RW Data)     154788 ( 151.16kB)

==============================================================================

